C:\Users\Administrator\.jenkins\workspace\PRQA_KPU\build.c
C:\Users\Administrator\.jenkins\workspace\PRQA_KPU\callback.c
C:\Users\Administrator\.jenkins\workspace\PRQA_KPU\carray.c
C:\Users\Administrator\.jenkins\workspace\PRQA_KPU\changeset.c
C:\Users\Administrator\.jenkins\workspace\PRQA_KPU\checkSpacing.c
C:\Users\Administrator\.jenkins\workspace\PRQA_KPU\closure.c
C:\Users\Administrator\.jenkins\workspace\PRQA_KPU\complete.c
C:\Users\Administrator\.jenkins\workspace\PRQA_KPU\completion.c
C:\Users\Administrator\.jenkins\workspace\PRQA_KPU\compress.c
C:\Users\Administrator\.jenkins\workspace\PRQA_KPU\crashtest1.c
C:\Users\Administrator\.jenkins\workspace\PRQA_KPU\csv.c
C:\Users\Administrator\.jenkins\workspace\PRQA_KPU\ctime.c
C:\Users\Administrator\.jenkins\workspace\PRQA_KPU\date.c
C:\Users\Administrator\.jenkins\workspace\PRQA_KPU\dbdump.c
C:\Users\Administrator\.jenkins\workspace\PRQA_KPU\dbfuzz.c
C:\Users\Administrator\.jenkins\workspace\PRQA_KPU\dbhash.c
C:\Users\Administrator\.jenkins\workspace\PRQA_KPU\dbstat.c
C:\Users\Administrator\.jenkins\workspace\PRQA_KPU\delete.c
C:\Users\Administrator\.jenkins\workspace\PRQA_KPU\eval.c
C:\Users\Administrator\.jenkins\workspace\PRQA_KPU\expr.c
C:\Users\Administrator\.jenkins\workspace\PRQA_KPU\extract.c
C:\Users\Administrator\.jenkins\workspace\PRQA_KPU\fast_vacuum.c
C:\Users\Administrator\.jenkins\workspace\PRQA_KPU\fault.c
C:\Users\Administrator\.jenkins\workspace\PRQA_KPU\fileio.c
C:\Users\Administrator\.jenkins\workspace\PRQA_KPU\fkey.c
C:\Users\Administrator\.jenkins\workspace\PRQA_KPU\fts1.c
C:\Users\Administrator\.jenkins\workspace\PRQA_KPU\fts1_hash.c
C:\Users\Administrator\.jenkins\workspace\PRQA_KPU\fts1_porter.c
C:\Users\Administrator\.jenkins\workspace\PRQA_KPU\fts1_tokenizer1.c
C:\Users\Administrator\.jenkins\workspace\PRQA_KPU\fts2.c
C:\Users\Administrator\.jenkins\workspace\PRQA_KPU\fts2_hash.c
C:\Users\Administrator\.jenkins\workspace\PRQA_KPU\fts2_icu.c
C:\Users\Administrator\.jenkins\workspace\PRQA_KPU\fts2_porter.c
C:\Users\Administrator\.jenkins\workspace\PRQA_KPU\fts2_tokenizer.c
C:\Users\Administrator\.jenkins\workspace\PRQA_KPU\fts2_tokenizer1.c
C:\Users\Administrator\.jenkins\workspace\PRQA_KPU\fts3.c
C:\Users\Administrator\.jenkins\workspace\PRQA_KPU\fts3view.c
C:\Users\Administrator\.jenkins\workspace\PRQA_KPU\fts3_aux.c
C:\Users\Administrator\.jenkins\workspace\PRQA_KPU\fts3_expr.c
C:\Users\Administrator\.jenkins\workspace\PRQA_KPU\fts3_hash.c
C:\Users\Administrator\.jenkins\workspace\PRQA_KPU\fts3_icu.c
C:\Users\Administrator\.jenkins\workspace\PRQA_KPU\fts3_porter.c
C:\Users\Administrator\.jenkins\workspace\PRQA_KPU\fts3_snippet.c
C:\Users\Administrator\.jenkins\workspace\PRQA_KPU\fts3_term.c
C:\Users\Administrator\.jenkins\workspace\PRQA_KPU\fts3_test.c
C:\Users\Administrator\.jenkins\workspace\PRQA_KPU\fts3_tokenizer.c
C:\Users\Administrator\.jenkins\workspace\PRQA_KPU\fts3_tokenizer1.c
C:\Users\Administrator\.jenkins\workspace\PRQA_KPU\fts3_tokenize_vtab.c
C:\Users\Administrator\.jenkins\workspace\PRQA_KPU\fts3_unicode.c
C:\Users\Administrator\.jenkins\workspace\PRQA_KPU\fts3_unicode2.c
C:\Users\Administrator\.jenkins\workspace\PRQA_KPU\fts3_write.c
C:\Users\Administrator\.jenkins\workspace\PRQA_KPU\fts5.c
C:\Users\Administrator\.jenkins\workspace\PRQA_KPU\fts5parse.c
C:\Users\Administrator\.jenkins\workspace\PRQA_KPU\fts5_aux.c
C:\Users\Administrator\.jenkins\workspace\PRQA_KPU\fts5_buffer.c
C:\Users\Administrator\.jenkins\workspace\PRQA_KPU\fts5_config.c
C:\Users\Administrator\.jenkins\workspace\PRQA_KPU\fts5_expr.c
C:\Users\Administrator\.jenkins\workspace\PRQA_KPU\fts5_hash.c
C:\Users\Administrator\.jenkins\workspace\PRQA_KPU\fts5_index.c
C:\Users\Administrator\.jenkins\workspace\PRQA_KPU\fts5_main.c
C:\Users\Administrator\.jenkins\workspace\PRQA_KPU\fts5_storage.c
C:\Users\Administrator\.jenkins\workspace\PRQA_KPU\fts5_tcl.c
C:\Users\Administrator\.jenkins\workspace\PRQA_KPU\fts5_test_mi.c
C:\Users\Administrator\.jenkins\workspace\PRQA_KPU\fts5_test_tok.c
C:\Users\Administrator\.jenkins\workspace\PRQA_KPU\fts5_tokenize.c
C:\Users\Administrator\.jenkins\workspace\PRQA_KPU\fts5_unicode2.c
C:\Users\Administrator\.jenkins\workspace\PRQA_KPU\fts5_varint.c
C:\Users\Administrator\.jenkins\workspace\PRQA_KPU\fts5_vocab.c
C:\Users\Administrator\.jenkins\workspace\PRQA_KPU\ft_hash.c
C:\Users\Administrator\.jenkins\workspace\PRQA_KPU\fulltext.c
C:\Users\Administrator\.jenkins\workspace\PRQA_KPU\func.c
C:\Users\Administrator\.jenkins\workspace\PRQA_KPU\fuzzcheck.c
C:\Users\Administrator\.jenkins\workspace\PRQA_KPU\fuzzer.c
C:\Users\Administrator\.jenkins\workspace\PRQA_KPU\fuzzershell.c
C:\Users\Administrator\.jenkins\workspace\PRQA_KPU\getlock.c
C:\Users\Administrator\.jenkins\workspace\PRQA_KPU\global.c
C:\Users\Administrator\.jenkins\workspace\PRQA_KPU\hash.c
C:\Users\Administrator\.jenkins\workspace\PRQA_KPU\icu.c
C:\Users\Administrator\.jenkins\workspace\PRQA_KPU\ieee754.c
C:\Users\Administrator\.jenkins\workspace\PRQA_KPU\insert.c
C:\Users\Administrator\.jenkins\workspace\PRQA_KPU\json1.c
C:\Users\Administrator\.jenkins\workspace\PRQA_KPU\kvtest.c
C:\Users\Administrator\.jenkins\workspace\PRQA_KPU\legacy.c
C:\Users\Administrator\.jenkins\workspace\PRQA_KPU\lemon.c
C:\Users\Administrator\.jenkins\workspace\PRQA_KPU\lempar.c
C:\Users\Administrator\.jenkins\workspace\PRQA_KPU\libvers.c
C:\Users\Administrator\.jenkins\workspace\PRQA_KPU\loadext.c
C:\Users\Administrator\.jenkins\workspace\PRQA_KPU\loadfts.c
C:\Users\Administrator\.jenkins\workspace\PRQA_KPU\logest.c
C:\Users\Administrator\.jenkins\workspace\PRQA_KPU\lsmtest1.c
C:\Users\Administrator\.jenkins\workspace\PRQA_KPU\lsmtest2.c
C:\Users\Administrator\.jenkins\workspace\PRQA_KPU\lsmtest3.c
C:\Users\Administrator\.jenkins\workspace\PRQA_KPU\lsmtest4.c
C:\Users\Administrator\.jenkins\workspace\PRQA_KPU\lsmtest5.c
C:\Users\Administrator\.jenkins\workspace\PRQA_KPU\lsmtest6.c
C:\Users\Administrator\.jenkins\workspace\PRQA_KPU\lsmtest7.c
C:\Users\Administrator\.jenkins\workspace\PRQA_KPU\lsmtest8.c
C:\Users\Administrator\.jenkins\workspace\PRQA_KPU\lsmtest9.c
C:\Users\Administrator\.jenkins\workspace\PRQA_KPU\lsmtest_bt.c
C:\Users\Administrator\.jenkins\workspace\PRQA_KPU\lsmtest_datasource.c
C:\Users\Administrator\.jenkins\workspace\PRQA_KPU\lsmtest_func.c
C:\Users\Administrator\.jenkins\workspace\PRQA_KPU\lsmtest_io.c
C:\Users\Administrator\.jenkins\workspace\PRQA_KPU\lsmtest_main.c
C:\Users\Administrator\.jenkins\workspace\PRQA_KPU\lsmtest_mem.c
C:\Users\Administrator\.jenkins\workspace\PRQA_KPU\lsmtest_tdb.c
C:\Users\Administrator\.jenkins\workspace\PRQA_KPU\lsmtest_tdb3.c
C:\Users\Administrator\.jenkins\workspace\PRQA_KPU\lsmtest_tdb4.c
C:\Users\Administrator\.jenkins\workspace\PRQA_KPU\lsmtest_util.c
C:\Users\Administrator\.jenkins\workspace\PRQA_KPU\lsmtest_win32.c
C:\Users\Administrator\.jenkins\workspace\PRQA_KPU\lsm_ckpt.c
C:\Users\Administrator\.jenkins\workspace\PRQA_KPU\lsm_file.c
C:\Users\Administrator\.jenkins\workspace\PRQA_KPU\lsm_log.c
C:\Users\Administrator\.jenkins\workspace\PRQA_KPU\lsm_main.c
C:\Users\Administrator\.jenkins\workspace\PRQA_KPU\lsm_mem.c
C:\Users\Administrator\.jenkins\workspace\PRQA_KPU\lsm_mutex.c
C:\Users\Administrator\.jenkins\workspace\PRQA_KPU\lsm_shared.c
C:\Users\Administrator\.jenkins\workspace\PRQA_KPU\lsm_sorted.c
C:\Users\Administrator\.jenkins\workspace\PRQA_KPU\lsm_str.c
C:\Users\Administrator\.jenkins\workspace\PRQA_KPU\lsm_tree.c
C:\Users\Administrator\.jenkins\workspace\PRQA_KPU\lsm_unix.c
C:\Users\Administrator\.jenkins\workspace\PRQA_KPU\lsm_varint.c
C:\Users\Administrator\.jenkins\workspace\PRQA_KPU\lsm_vtab.c
C:\Users\Administrator\.jenkins\workspace\PRQA_KPU\lsm_win32.c
C:\Users\Administrator\.jenkins\workspace\PRQA_KPU\main.c
C:\Users\Administrator\.jenkins\workspace\PRQA_KPU\malloc.c
C:\Users\Administrator\.jenkins\workspace\PRQA_KPU\max-limits.c
C:\Users\Administrator\.jenkins\workspace\PRQA_KPU\mem0.c
C:\Users\Administrator\.jenkins\workspace\PRQA_KPU\mem1.c
C:\Users\Administrator\.jenkins\workspace\PRQA_KPU\mem2.c
C:\Users\Administrator\.jenkins\workspace\PRQA_KPU\mem3.c
C:\Users\Administrator\.jenkins\workspace\PRQA_KPU\mem5.c
C:\Users\Administrator\.jenkins\workspace\PRQA_KPU\memjournal.c
C:\Users\Administrator\.jenkins\workspace\PRQA_KPU\memvfs.c
C:\Users\Administrator\.jenkins\workspace\PRQA_KPU\mkkeywordhash.c
C:\Users\Administrator\.jenkins\workspace\PRQA_KPU\mksourceid.c
C:\Users\Administrator\.jenkins\workspace\PRQA_KPU\mptest.c
C:\Users\Administrator\.jenkins\workspace\PRQA_KPU\mutex.c
C:\Users\Administrator\.jenkins\workspace\PRQA_KPU\mutex_noop.c
C:\Users\Administrator\.jenkins\workspace\PRQA_KPU\mutex_unix.c
C:\Users\Administrator\.jenkins\workspace\PRQA_KPU\mutex_w32.c
C:\Users\Administrator\.jenkins\workspace\PRQA_KPU\nextchar.c
C:\Users\Administrator\.jenkins\workspace\PRQA_KPU\nmakehlp.c
C:\Users\Administrator\.jenkins\workspace\PRQA_KPU\notify.c
C:\Users\Administrator\.jenkins\workspace\PRQA_KPU\offsets.c
C:\Users\Administrator\.jenkins\workspace\PRQA_KPU\opcodes.c
C:\Users\Administrator\.jenkins\workspace\PRQA_KPU\os.c
C:\Users\Administrator\.jenkins\workspace\PRQA_KPU\ossfuzz.c
C:\Users\Administrator\.jenkins\workspace\PRQA_KPU\ossshell.c
C:\Users\Administrator\.jenkins\workspace\PRQA_KPU\os_unix.c
C:\Users\Administrator\.jenkins\workspace\PRQA_KPU\os_win.c
C:\Users\Administrator\.jenkins\workspace\PRQA_KPU\pager.c
C:\Users\Administrator\.jenkins\workspace\PRQA_KPU\pagesig.c
C:\Users\Administrator\.jenkins\workspace\PRQA_KPU\parse.c
C:\Users\Administrator\.jenkins\workspace\PRQA_KPU\pcache.c
C:\Users\Administrator\.jenkins\workspace\PRQA_KPU\pcache1.c
C:\Users\Administrator\.jenkins\workspace\PRQA_KPU\percentile.c
C:\Users\Administrator\.jenkins\workspace\PRQA_KPU\pragma.c
C:\Users\Administrator\.jenkins\workspace\PRQA_KPU\prepare.c
C:\Users\Administrator\.jenkins\workspace\PRQA_KPU\printf.c
C:\Users\Administrator\.jenkins\workspace\PRQA_KPU\random.c
C:\Users\Administrator\.jenkins\workspace\PRQA_KPU\rbu.c
C:\Users\Administrator\.jenkins\workspace\PRQA_KPU\regexp.c
C:\Users\Administrator\.jenkins\workspace\PRQA_KPU\remember.c
C:\Users\Administrator\.jenkins\workspace\PRQA_KPU\resolve.c
C:\Users\Administrator\.jenkins\workspace\PRQA_KPU\rollback-test.c
C:\Users\Administrator\.jenkins\workspace\PRQA_KPU\rot13.c
C:\Users\Administrator\.jenkins\workspace\PRQA_KPU\rowset.c
C:\Users\Administrator\.jenkins\workspace\PRQA_KPU\rtree.c
C:\Users\Administrator\.jenkins\workspace\PRQA_KPU\scrub.c
C:\Users\Administrator\.jenkins\workspace\PRQA_KPU\0select.c
C:\Users\Administrator\.jenkins\workspace\PRQA_KPU\series.c
C:\Users\Administrator\.jenkins\workspace\PRQA_KPU\session_speed_test.c
C:\Users\Administrator\.jenkins\workspace\PRQA_KPU\sha1.c
C:\Users\Administrator\.jenkins\workspace\PRQA_KPU\shathree.c
C:\Users\Administrator\.jenkins\workspace\PRQA_KPU\shell.c
C:\Users\Administrator\.jenkins\workspace\PRQA_KPU\showauth.c
C:\Users\Administrator\.jenkins\workspace\PRQA_KPU\showdb.c
C:\Users\Administrator\.jenkins\workspace\PRQA_KPU\showjournal.c
C:\Users\Administrator\.jenkins\workspace\PRQA_KPU\showlocks.c
C:\Users\Administrator\.jenkins\workspace\PRQA_KPU\showstat4.c
C:\Users\Administrator\.jenkins\workspace\PRQA_KPU\showwal.c
C:\Users\Administrator\.jenkins\workspace\PRQA_KPU\simple_tokenizer.c
C:\Users\Administrator\.jenkins\workspace\PRQA_KPU\speedtest1.c
C:\Users\Administrator\.jenkins\workspace\PRQA_KPU\speedtest16.c
C:\Users\Administrator\.jenkins\workspace\PRQA_KPU\speedtest8.c
C:\Users\Administrator\.jenkins\workspace\PRQA_KPU\speedtest8inst1.c
C:\Users\Administrator\.jenkins\workspace\PRQA_KPU\spellfix.c
C:\Users\Administrator\.jenkins\workspace\PRQA_KPU\sqldiff.c
C:\Users\Administrator\.jenkins\workspace\PRQA_KPU\sqlite3.c
C:\Users\Administrator\.jenkins\workspace\PRQA_KPU\sqlite3async.c
C:\Users\Administrator\.jenkins\workspace\PRQA_KPU\sqlite3rbu.c
C:\Users\Administrator\.jenkins\workspace\PRQA_KPU\sqlite3session.c
C:\Users\Administrator\.jenkins\workspace\PRQA_KPU\srcck1.c
C:\Users\Administrator\.jenkins\workspace\PRQA_KPU\status.c
C:\Users\Administrator\.jenkins\workspace\PRQA_KPU\stmt.c
C:\Users\Administrator\.jenkins\workspace\PRQA_KPU\table.c
C:\Users\Administrator\.jenkins\workspace\PRQA_KPU\tclsqlite.c
C:\Users\Administrator\.jenkins\workspace\PRQA_KPU\test1.c
C:\Users\Administrator\.jenkins\workspace\PRQA_KPU\test2.c
C:\Users\Administrator\.jenkins\workspace\PRQA_KPU\test3.c
C:\Users\Administrator\.jenkins\workspace\PRQA_KPU\test4.c
C:\Users\Administrator\.jenkins\workspace\PRQA_KPU\test5.c
C:\Users\Administrator\.jenkins\workspace\PRQA_KPU\test6.c
C:\Users\Administrator\.jenkins\workspace\PRQA_KPU\test7.c
C:\Users\Administrator\.jenkins\workspace\PRQA_KPU\test8.c
C:\Users\Administrator\.jenkins\workspace\PRQA_KPU\test9.c
C:\Users\Administrator\.jenkins\workspace\PRQA_KPU\test_async.c
C:\Users\Administrator\.jenkins\workspace\PRQA_KPU\test_autoext.c
C:\Users\Administrator\.jenkins\workspace\PRQA_KPU\test_backup.c
C:\Users\Administrator\.jenkins\workspace\PRQA_KPU\test_bestindex.c
C:\Users\Administrator\.jenkins\workspace\PRQA_KPU\test_blob.c
C:\Users\Administrator\.jenkins\workspace\PRQA_KPU\test_btree.c
C:\Users\Administrator\.jenkins\workspace\PRQA_KPU\test_config.c
C:\Users\Administrator\.jenkins\workspace\PRQA_KPU\test_delete.c
C:\Users\Administrator\.jenkins\workspace\PRQA_KPU\test_demovfs.c
C:\Users\Administrator\.jenkins\workspace\PRQA_KPU\test_devsym.c
C:\Users\Administrator\.jenkins\workspace\PRQA_KPU\test_fs.c
C:\Users\Administrator\.jenkins\workspace\PRQA_KPU\test_func.c
C:\Users\Administrator\.jenkins\workspace\PRQA_KPU\test_hexio.c
C:\Users\Administrator\.jenkins\workspace\PRQA_KPU\test_init.c
C:\Users\Administrator\.jenkins\workspace\PRQA_KPU\test_intarray.c
C:\Users\Administrator\.jenkins\workspace\PRQA_KPU\test_journal.c
C:\Users\Administrator\.jenkins\workspace\PRQA_KPU\test_loadext.c
C:\Users\Administrator\.jenkins\workspace\PRQA_KPU\test_malloc.c
C:\Users\Administrator\.jenkins\workspace\PRQA_KPU\test_multiplex.c
C:\Users\Administrator\.jenkins\workspace\PRQA_KPU\test_mutex.c
C:\Users\Administrator\.jenkins\workspace\PRQA_KPU\test_onefile.c
C:\Users\Administrator\.jenkins\workspace\PRQA_KPU\test_osinst.c
C:\Users\Administrator\.jenkins\workspace\PRQA_KPU\test_pcache.c
C:\Users\Administrator\.jenkins\workspace\PRQA_KPU\test_quota.c
C:\Users\Administrator\.jenkins\workspace\PRQA_KPU\test_rbu.c
C:\Users\Administrator\.jenkins\workspace\PRQA_KPU\test_rtree.c
C:\Users\Administrator\.jenkins\workspace\PRQA_KPU\test_schema.c
C:\Users\Administrator\.jenkins\workspace\PRQA_KPU\test_server.c
C:\Users\Administrator\.jenkins\workspace\PRQA_KPU\test_session.c
C:\Users\Administrator\.jenkins\workspace\PRQA_KPU\test_sqllog.c
C:\Users\Administrator\.jenkins\workspace\PRQA_KPU\test_superlock.c
C:\Users\Administrator\.jenkins\workspace\PRQA_KPU\test_syscall.c
C:\Users\Administrator\.jenkins\workspace\PRQA_KPU\test_tclvar.c
C:\Users\Administrator\.jenkins\workspace\PRQA_KPU\test_thread.c
C:\Users\Administrator\.jenkins\workspace\PRQA_KPU\test_vfs.c
C:\Users\Administrator\.jenkins\workspace\PRQA_KPU\test_vfstrace.c
C:\Users\Administrator\.jenkins\workspace\PRQA_KPU\test_windirent.c
C:\Users\Administrator\.jenkins\workspace\PRQA_KPU\test_wsd.c
C:\Users\Administrator\.jenkins\workspace\PRQA_KPU\threads.c
C:\Users\Administrator\.jenkins\workspace\PRQA_KPU\threadtest1.c
C:\Users\Administrator\.jenkins\workspace\PRQA_KPU\threadtest2.c
C:\Users\Administrator\.jenkins\workspace\PRQA_KPU\threadtest3.c
C:\Users\Administrator\.jenkins\workspace\PRQA_KPU\threadtest4.c
C:\Users\Administrator\.jenkins\workspace\PRQA_KPU\tokenize.c
C:\Users\Administrator\.jenkins\workspace\PRQA_KPU\totype.c
C:\Users\Administrator\.jenkins\workspace\PRQA_KPU\treeview.c
C:\Users\Administrator\.jenkins\workspace\PRQA_KPU\trigger.c
C:\Users\Administrator\.jenkins\workspace\PRQA_KPU\tt3_checkpoint.c
C:\Users\Administrator\.jenkins\workspace\PRQA_KPU\tt3_index.c
C:\Users\Administrator\.jenkins\workspace\PRQA_KPU\tt3_lookaside1.c
C:\Users\Administrator\.jenkins\workspace\PRQA_KPU\tt3_stress.c
C:\Users\Administrator\.jenkins\workspace\PRQA_KPU\tt3_vacuum.c
C:\Users\Administrator\.jenkins\workspace\PRQA_KPU\unionvtab.c
C:\Users\Administrator\.jenkins\workspace\PRQA_KPU\update.c
C:\Users\Administrator\.jenkins\workspace\PRQA_KPU\userauth.c
C:\Users\Administrator\.jenkins\workspace\PRQA_KPU\utf.c
C:\Users\Administrator\.jenkins\workspace\PRQA_KPU\util.c
C:\Users\Administrator\.jenkins\workspace\PRQA_KPU\vacuum.c
C:\Users\Administrator\.jenkins\workspace\PRQA_KPU\varint.c
C:\Users\Administrator\.jenkins\workspace\PRQA_KPU\vdbe.c
C:\Users\Administrator\.jenkins\workspace\PRQA_KPU\vdbeapi.c
C:\Users\Administrator\.jenkins\workspace\PRQA_KPU\vdbeaux.c
C:\Users\Administrator\.jenkins\workspace\PRQA_KPU\vdbeblob.c
C:\Users\Administrator\.jenkins\workspace\PRQA_KPU\vdbemem.c
C:\Users\Administrator\.jenkins\workspace\PRQA_KPU\vdbesort.c
C:\Users\Administrator\.jenkins\workspace\PRQA_KPU\vdbetrace.c
C:\Users\Administrator\.jenkins\workspace\PRQA_KPU\vfslog.c
C:\Users\Administrator\.jenkins\workspace\PRQA_KPU\vfsstat.c
C:\Users\Administrator\.jenkins\workspace\PRQA_KPU\vtab.c
C:\Users\Administrator\.jenkins\workspace\PRQA_KPU\vtablog.c
C:\Users\Administrator\.jenkins\workspace\PRQA_KPU\vtshim.c
C:\Users\Administrator\.jenkins\workspace\PRQA_KPU\wal.c
C:\Users\Administrator\.jenkins\workspace\PRQA_KPU\walker.c
C:\Users\Administrator\.jenkins\workspace\PRQA_KPU\where.c
C:\Users\Administrator\.jenkins\workspace\PRQA_KPU\wherecode.c
C:\Users\Administrator\.jenkins\workspace\PRQA_KPU\whereexpr.c
C:\Users\Administrator\.jenkins\workspace\PRQA_KPU\wholenumber.c
C:\Users\Administrator\.jenkins\workspace\PRQA_KPU\wordcount.c
